{
    "Run germlinecnvcaller test": {
        "content": [
            12,
            {
                "GATK4_ANNOTATEINTERVALS": {
                    "gatk4": "4.5.0.0"
                },
                "GATK4_COLLECTREADCOUNTS": {
                    "gatk4": "4.5.0.0"
                },
                "GATK4_DETERMINEGERMLINECONTIGPLOIDY": {
                    "gatk4": "4.5.0.0"
                },
                "GATK4_FILTERINTERVALS": {
                    "gatk4": "4.5.0.0"
                },
                "GATK4_GERMLINECNVCALLER": {
                    "gatk4": "4.5.0.0"
                },
                "GATK4_INTERVALLISTTOOLS": {
                    "gatk4": "4.5.0.0"
                },
                "GATK4_PREPROCESSINTERVALS": {
                    "gatk4": "4.5.0.0"
                },
                "PICARD_CREATESEQUENCEDICTIONARY": {
                    "picard": "3.1.1"
                },
                "SAMTOOLS_FAIDX": {
                    "samtools": 1.2
                },
                "Workflow": {
                    "nf-core/createpanelrefs": "v1.0dev"
                }
            },
            [
                "germlinecnvcaller",
                "germlinecnvcaller/determinegermlinecontigploidy",
                "germlinecnvcaller/determinegermlinecontigploidy/cohort-model",
                "germlinecnvcaller/determinegermlinecontigploidy/cohort-model/contig_ploidy_prior.tsv",
                "germlinecnvcaller/determinegermlinecontigploidy/cohort-model/gcnvkernel_version.json",
                "germlinecnvcaller/determinegermlinecontigploidy/cohort-model/interval_list.tsv",
                "germlinecnvcaller/determinegermlinecontigploidy/cohort-model/mu_mean_bias_j_lowerbound__.tsv",
                "germlinecnvcaller/determinegermlinecontigploidy/cohort-model/mu_psi_j_log__.tsv",
                "germlinecnvcaller/determinegermlinecontigploidy/cohort-model/ploidy_config.json",
                "germlinecnvcaller/determinegermlinecontigploidy/cohort-model/std_mean_bias_j_lowerbound__.tsv",
                "germlinecnvcaller/determinegermlinecontigploidy/cohort-model/std_psi_j_log__.tsv",
                "germlinecnvcaller/germlinecnvcaller",
                "germlinecnvcaller/germlinecnvcaller/1scattered-cnv-model",
                "germlinecnvcaller/germlinecnvcaller/1scattered-cnv-model/1scattered-calls",
                "germlinecnvcaller/germlinecnvcaller/1scattered-cnv-model/1scattered-calls/SAMPLE_0",
                "germlinecnvcaller/germlinecnvcaller/1scattered-cnv-model/1scattered-calls/SAMPLE_0/baseline_copy_number_t.tsv",
                "germlinecnvcaller/germlinecnvcaller/1scattered-cnv-model/1scattered-calls/SAMPLE_0/log_c_emission_tc.tsv",
                "germlinecnvcaller/germlinecnvcaller/1scattered-cnv-model/1scattered-calls/SAMPLE_0/log_q_c_tc.tsv",
                "germlinecnvcaller/germlinecnvcaller/1scattered-cnv-model/1scattered-calls/SAMPLE_0/mu_denoised_copy_ratio_t.tsv",
                "germlinecnvcaller/germlinecnvcaller/1scattered-cnv-model/1scattered-calls/SAMPLE_0/mu_psi_s_log__.tsv",
                "germlinecnvcaller/germlinecnvcaller/1scattered-cnv-model/1scattered-calls/SAMPLE_0/mu_read_depth_s_log__.tsv",
                "germlinecnvcaller/germlinecnvcaller/1scattered-cnv-model/1scattered-calls/SAMPLE_0/mu_z_su.tsv",
                "germlinecnvcaller/germlinecnvcaller/1scattered-cnv-model/1scattered-calls/SAMPLE_0/sample_name.txt",
                "germlinecnvcaller/germlinecnvcaller/1scattered-cnv-model/1scattered-calls/SAMPLE_0/std_denoised_copy_ratio_t.tsv",
                "germlinecnvcaller/germlinecnvcaller/1scattered-cnv-model/1scattered-calls/SAMPLE_0/std_psi_s_log__.tsv",
                "germlinecnvcaller/germlinecnvcaller/1scattered-cnv-model/1scattered-calls/SAMPLE_0/std_read_depth_s_log__.tsv",
                "germlinecnvcaller/germlinecnvcaller/1scattered-cnv-model/1scattered-calls/SAMPLE_0/std_z_su.tsv",
                "germlinecnvcaller/germlinecnvcaller/1scattered-cnv-model/1scattered-calls/SAMPLE_1",
                "germlinecnvcaller/germlinecnvcaller/1scattered-cnv-model/1scattered-calls/SAMPLE_1/baseline_copy_number_t.tsv",
                "germlinecnvcaller/germlinecnvcaller/1scattered-cnv-model/1scattered-calls/SAMPLE_1/log_c_emission_tc.tsv",
                "germlinecnvcaller/germlinecnvcaller/1scattered-cnv-model/1scattered-calls/SAMPLE_1/log_q_c_tc.tsv",
                "germlinecnvcaller/germlinecnvcaller/1scattered-cnv-model/1scattered-calls/SAMPLE_1/mu_denoised_copy_ratio_t.tsv",
                "germlinecnvcaller/germlinecnvcaller/1scattered-cnv-model/1scattered-calls/SAMPLE_1/mu_psi_s_log__.tsv",
                "germlinecnvcaller/germlinecnvcaller/1scattered-cnv-model/1scattered-calls/SAMPLE_1/mu_read_depth_s_log__.tsv",
                "germlinecnvcaller/germlinecnvcaller/1scattered-cnv-model/1scattered-calls/SAMPLE_1/mu_z_su.tsv",
                "germlinecnvcaller/germlinecnvcaller/1scattered-cnv-model/1scattered-calls/SAMPLE_1/sample_name.txt",
                "germlinecnvcaller/germlinecnvcaller/1scattered-cnv-model/1scattered-calls/SAMPLE_1/std_denoised_copy_ratio_t.tsv",
                "germlinecnvcaller/germlinecnvcaller/1scattered-cnv-model/1scattered-calls/SAMPLE_1/std_psi_s_log__.tsv",
                "germlinecnvcaller/germlinecnvcaller/1scattered-cnv-model/1scattered-calls/SAMPLE_1/std_read_depth_s_log__.tsv",
                "germlinecnvcaller/germlinecnvcaller/1scattered-cnv-model/1scattered-calls/SAMPLE_1/std_z_su.tsv",
                "germlinecnvcaller/germlinecnvcaller/1scattered-cnv-model/1scattered-calls/calling_config.json",
                "germlinecnvcaller/germlinecnvcaller/1scattered-cnv-model/1scattered-calls/denoising_config.json",
                "germlinecnvcaller/germlinecnvcaller/1scattered-cnv-model/1scattered-calls/gcnvkernel_version.json",
                "germlinecnvcaller/germlinecnvcaller/1scattered-cnv-model/1scattered-calls/interval_list.tsv",
                "germlinecnvcaller/germlinecnvcaller/1scattered-cnv-model/1scattered-model",
                "germlinecnvcaller/germlinecnvcaller/1scattered-cnv-model/1scattered-model/calling_config.json",
                "germlinecnvcaller/germlinecnvcaller/1scattered-cnv-model/1scattered-model/denoising_config.json",
                "germlinecnvcaller/germlinecnvcaller/1scattered-cnv-model/1scattered-model/gcnvkernel_version.json",
                "germlinecnvcaller/germlinecnvcaller/1scattered-cnv-model/1scattered-model/interval_list.tsv",
                "germlinecnvcaller/germlinecnvcaller/1scattered-cnv-model/1scattered-model/log_q_tau_tk.tsv",
                "germlinecnvcaller/germlinecnvcaller/1scattered-cnv-model/1scattered-model/mu_W_tu.tsv",
                "germlinecnvcaller/germlinecnvcaller/1scattered-cnv-model/1scattered-model/mu_ard_u_log__.tsv",
                "germlinecnvcaller/germlinecnvcaller/1scattered-cnv-model/1scattered-model/mu_log_mean_bias_t.tsv",
                "germlinecnvcaller/germlinecnvcaller/1scattered-cnv-model/1scattered-model/mu_psi_t_log__.tsv",
                "germlinecnvcaller/germlinecnvcaller/1scattered-cnv-model/1scattered-model/std_W_tu.tsv",
                "germlinecnvcaller/germlinecnvcaller/1scattered-cnv-model/1scattered-model/std_ard_u_log__.tsv",
                "germlinecnvcaller/germlinecnvcaller/1scattered-cnv-model/1scattered-model/std_log_mean_bias_t.tsv",
                "germlinecnvcaller/germlinecnvcaller/1scattered-cnv-model/1scattered-model/std_psi_t_log__.tsv",
                "germlinecnvcaller/germlinecnvcaller/2scattered-cnv-model",
                "germlinecnvcaller/germlinecnvcaller/2scattered-cnv-model/2scattered-calls",
                "germlinecnvcaller/germlinecnvcaller/2scattered-cnv-model/2scattered-calls/SAMPLE_0",
                "germlinecnvcaller/germlinecnvcaller/2scattered-cnv-model/2scattered-calls/SAMPLE_0/baseline_copy_number_t.tsv",
                "germlinecnvcaller/germlinecnvcaller/2scattered-cnv-model/2scattered-calls/SAMPLE_0/log_c_emission_tc.tsv",
                "germlinecnvcaller/germlinecnvcaller/2scattered-cnv-model/2scattered-calls/SAMPLE_0/log_q_c_tc.tsv",
                "germlinecnvcaller/germlinecnvcaller/2scattered-cnv-model/2scattered-calls/SAMPLE_0/mu_denoised_copy_ratio_t.tsv",
                "germlinecnvcaller/germlinecnvcaller/2scattered-cnv-model/2scattered-calls/SAMPLE_0/mu_psi_s_log__.tsv",
                "germlinecnvcaller/germlinecnvcaller/2scattered-cnv-model/2scattered-calls/SAMPLE_0/mu_read_depth_s_log__.tsv",
                "germlinecnvcaller/germlinecnvcaller/2scattered-cnv-model/2scattered-calls/SAMPLE_0/mu_z_su.tsv",
                "germlinecnvcaller/germlinecnvcaller/2scattered-cnv-model/2scattered-calls/SAMPLE_0/sample_name.txt",
                "germlinecnvcaller/germlinecnvcaller/2scattered-cnv-model/2scattered-calls/SAMPLE_0/std_denoised_copy_ratio_t.tsv",
                "germlinecnvcaller/germlinecnvcaller/2scattered-cnv-model/2scattered-calls/SAMPLE_0/std_psi_s_log__.tsv",
                "germlinecnvcaller/germlinecnvcaller/2scattered-cnv-model/2scattered-calls/SAMPLE_0/std_read_depth_s_log__.tsv",
                "germlinecnvcaller/germlinecnvcaller/2scattered-cnv-model/2scattered-calls/SAMPLE_0/std_z_su.tsv",
                "germlinecnvcaller/germlinecnvcaller/2scattered-cnv-model/2scattered-calls/SAMPLE_1",
                "germlinecnvcaller/germlinecnvcaller/2scattered-cnv-model/2scattered-calls/SAMPLE_1/baseline_copy_number_t.tsv",
                "germlinecnvcaller/germlinecnvcaller/2scattered-cnv-model/2scattered-calls/SAMPLE_1/log_c_emission_tc.tsv",
                "germlinecnvcaller/germlinecnvcaller/2scattered-cnv-model/2scattered-calls/SAMPLE_1/log_q_c_tc.tsv",
                "germlinecnvcaller/germlinecnvcaller/2scattered-cnv-model/2scattered-calls/SAMPLE_1/mu_denoised_copy_ratio_t.tsv",
                "germlinecnvcaller/germlinecnvcaller/2scattered-cnv-model/2scattered-calls/SAMPLE_1/mu_psi_s_log__.tsv",
                "germlinecnvcaller/germlinecnvcaller/2scattered-cnv-model/2scattered-calls/SAMPLE_1/mu_read_depth_s_log__.tsv",
                "germlinecnvcaller/germlinecnvcaller/2scattered-cnv-model/2scattered-calls/SAMPLE_1/mu_z_su.tsv",
                "germlinecnvcaller/germlinecnvcaller/2scattered-cnv-model/2scattered-calls/SAMPLE_1/sample_name.txt",
                "germlinecnvcaller/germlinecnvcaller/2scattered-cnv-model/2scattered-calls/SAMPLE_1/std_denoised_copy_ratio_t.tsv",
                "germlinecnvcaller/germlinecnvcaller/2scattered-cnv-model/2scattered-calls/SAMPLE_1/std_psi_s_log__.tsv",
                "germlinecnvcaller/germlinecnvcaller/2scattered-cnv-model/2scattered-calls/SAMPLE_1/std_read_depth_s_log__.tsv",
                "germlinecnvcaller/germlinecnvcaller/2scattered-cnv-model/2scattered-calls/SAMPLE_1/std_z_su.tsv",
                "germlinecnvcaller/germlinecnvcaller/2scattered-cnv-model/2scattered-calls/calling_config.json",
                "germlinecnvcaller/germlinecnvcaller/2scattered-cnv-model/2scattered-calls/denoising_config.json",
                "germlinecnvcaller/germlinecnvcaller/2scattered-cnv-model/2scattered-calls/gcnvkernel_version.json",
                "germlinecnvcaller/germlinecnvcaller/2scattered-cnv-model/2scattered-calls/interval_list.tsv",
                "germlinecnvcaller/germlinecnvcaller/2scattered-cnv-model/2scattered-model",
                "germlinecnvcaller/germlinecnvcaller/2scattered-cnv-model/2scattered-model/calling_config.json",
                "germlinecnvcaller/germlinecnvcaller/2scattered-cnv-model/2scattered-model/denoising_config.json",
                "germlinecnvcaller/germlinecnvcaller/2scattered-cnv-model/2scattered-model/gcnvkernel_version.json",
                "germlinecnvcaller/germlinecnvcaller/2scattered-cnv-model/2scattered-model/interval_list.tsv",
                "germlinecnvcaller/germlinecnvcaller/2scattered-cnv-model/2scattered-model/log_q_tau_tk.tsv",
                "germlinecnvcaller/germlinecnvcaller/2scattered-cnv-model/2scattered-model/mu_W_tu.tsv",
                "germlinecnvcaller/germlinecnvcaller/2scattered-cnv-model/2scattered-model/mu_ard_u_log__.tsv",
                "germlinecnvcaller/germlinecnvcaller/2scattered-cnv-model/2scattered-model/mu_log_mean_bias_t.tsv",
                "germlinecnvcaller/germlinecnvcaller/2scattered-cnv-model/2scattered-model/mu_psi_t_log__.tsv",
                "germlinecnvcaller/germlinecnvcaller/2scattered-cnv-model/2scattered-model/std_W_tu.tsv",
                "germlinecnvcaller/germlinecnvcaller/2scattered-cnv-model/2scattered-model/std_ard_u_log__.tsv",
                "germlinecnvcaller/germlinecnvcaller/2scattered-cnv-model/2scattered-model/std_log_mean_bias_t.tsv",
                "germlinecnvcaller/germlinecnvcaller/2scattered-cnv-model/2scattered-model/std_psi_t_log__.tsv",
                "germlinecnvcaller/readcounts",
                "germlinecnvcaller/readcounts/sample1.hdf5",
                "germlinecnvcaller/readcounts/sample2.hdf5",
                "germlinecnvcaller/references",
                "germlinecnvcaller/references/genome.dict",
                "germlinecnvcaller/references/genome.fasta.fai",
                "multiqc",
                "multiqc/multiqc_data",
                "multiqc/multiqc_data/multiqc.log",
                "multiqc/multiqc_data/multiqc_citations.txt",
                "multiqc/multiqc_data/multiqc_data.json",
                "multiqc/multiqc_data/multiqc_software_versions.txt",
                "multiqc/multiqc_data/multiqc_sources.txt",
                "multiqc/multiqc_report.html",
                "pipeline_info",
                "pipeline_info/nf_core_ceatepanelrefs_software_mqc_versions.yml"
            ],
            [
                "contig_ploidy_prior.tsv:md5,7a2f5444b09a1f635a540bbcd23176cf",
                "gcnvkernel_version.json:md5,273ffad942b47cacbc56d29f77ccf2a6",
                "interval_list.tsv:md5,8c5aaf57cf34ff35b183178a87a9f864",
                "mu_mean_bias_j_lowerbound__.tsv:md5,76bfcb151ebf3c97cf9e3499891eb652",
                "mu_psi_j_log__.tsv:md5,82bd39a4dc5395c07522f2c24f7b2a0e",
                "ploidy_config.json:md5,4cdc16109826fa7d3cdfd1dc8758ec27",
                "std_mean_bias_j_lowerbound__.tsv:md5,9b31e5eecfd8ec379bc7ff126d599ab9",
                "std_psi_j_log__.tsv:md5,2f77d2060b0d8adc3d0f486b0ad2985a",
                "baseline_copy_number_t.tsv:md5,a8f848d75d241f7932ffdca261bffe7b",
                "log_c_emission_tc.tsv:md5,0748bf2a65d30bf05ce3369cb10717ce",
                "log_q_c_tc.tsv:md5,7b59a0e6d19b12f2eff4d297c629bb7f",
                "mu_denoised_copy_ratio_t.tsv:md5,3f7093217a4b1608860b3e644a33fefe",
                "mu_psi_s_log__.tsv:md5,16d70d8f81be635c23bf5c5b3c9fac95",
                "mu_read_depth_s_log__.tsv:md5,8d333418ef1c0f6000d8cd1d5991bf0a",
                "mu_z_su.tsv:md5,c87b85c2d5ec774344c3b134b5a92b39",
                "sample_name.txt:md5,5cf41871eea16c0fbfdcb7f0f664ed95",
                "std_denoised_copy_ratio_t.tsv:md5,0e413c4a5ef8ae38b3aae3546e6ca13f",
                "std_psi_s_log__.tsv:md5,a8d6bfb303daf3159d8ca4d8b3308ef4",
                "std_read_depth_s_log__.tsv:md5,4b8d04c940be597eca6e9440d83426af",
                "std_z_su.tsv:md5,97141ce78b363f8c749f9dabaa8f71d1",
                "baseline_copy_number_t.tsv:md5,51670372d61cf525a2303d293129fc2e",
                "log_c_emission_tc.tsv:md5,7f3d964fabec816b66612fff5b5c5aa2",
                "log_q_c_tc.tsv:md5,bc179abdd6232d51ad157df350e3f5fd",
                "mu_denoised_copy_ratio_t.tsv:md5,690a41c02d96d9d7a9be1a47d5fd7369",
                "mu_psi_s_log__.tsv:md5,f8d624a7831fd0945ae183145947a846",
                "mu_read_depth_s_log__.tsv:md5,80432c22763a397ad25282f7d72b0fcd",
                "mu_z_su.tsv:md5,fa3dab26a0e25ceb114290e1532fbc60",
                "sample_name.txt:md5,640a474d6f73b01524287f50ca538c04",
                "std_denoised_copy_ratio_t.tsv:md5,bed016c512813ca0ce58965acc59500e",
                "std_psi_s_log__.tsv:md5,9e8d00a4c9abd6d3b745e92dd113fea5",
                "std_read_depth_s_log__.tsv:md5,0a911950d0e2382dad7a487b59c4478b",
                "std_z_su.tsv:md5,6de492e11cf75d68db013adc708dec41",
                "calling_config.json:md5,dc78889e3d0ba1adf02d10db0194128e",
                "denoising_config.json:md5,d2171570b7c746be4d2ce35d9b8db18c",
                "gcnvkernel_version.json:md5,273ffad942b47cacbc56d29f77ccf2a6",
                "interval_list.tsv:md5,0cba6efc5fa465f7930c901916a3e764",
                "calling_config.json:md5,dc78889e3d0ba1adf02d10db0194128e",
                "denoising_config.json:md5,d2171570b7c746be4d2ce35d9b8db18c",
                "gcnvkernel_version.json:md5,273ffad942b47cacbc56d29f77ccf2a6",
                "interval_list.tsv:md5,0cba6efc5fa465f7930c901916a3e764",
                "log_q_tau_tk.tsv:md5,10f1fbf986d3b208609f324b332971a8",
                "mu_W_tu.tsv:md5,98109ec936c1db20c4c3755d3a7badfe",
                "mu_ard_u_log__.tsv:md5,f1b230c7a55edf9d7a843dfe6dac0215",
                "mu_log_mean_bias_t.tsv:md5,75ae725922f6091436577891cf0f9f16",
                "mu_psi_t_log__.tsv:md5,fa680d610797e70e6570c0ff0fc8571c",
                "std_W_tu.tsv:md5,6352d533546632d1d9315fbe758f53a8",
                "std_ard_u_log__.tsv:md5,1af61ffd2028816fc1965351039db795",
                "std_log_mean_bias_t.tsv:md5,22fc650dd573543afa303f0bb3d2318c",
                "std_psi_t_log__.tsv:md5,bcd1b4e7906035a752ad96eb797f296b",
                "baseline_copy_number_t.tsv:md5,a8f848d75d241f7932ffdca261bffe7b",
                "log_c_emission_tc.tsv:md5,19616a39502b839c638ceb653d31f041",
                "log_q_c_tc.tsv:md5,02f6ad2cc53e1eddc8195d55bb1a126a",
                "mu_denoised_copy_ratio_t.tsv:md5,ccbfb670b45a8ddeaee4ee3d551571c7",
                "mu_psi_s_log__.tsv:md5,d21c650d92b4888ce3aaa55e5a1291d4",
                "mu_read_depth_s_log__.tsv:md5,b052485317c02183d43fcc6754ef5beb",
                "mu_z_su.tsv:md5,43669475085e3197e1ded507eb34b536",
                "sample_name.txt:md5,5cf41871eea16c0fbfdcb7f0f664ed95",
                "std_denoised_copy_ratio_t.tsv:md5,4665c3671b0d5d6b198285c7a8744e61",
                "std_psi_s_log__.tsv:md5,95e09044cf38a3e6b89646564ac0d247",
                "std_read_depth_s_log__.tsv:md5,82b422a2a5f91fdb5d97395bfeb5d8e2",
                "std_z_su.tsv:md5,1974f65e053ad05910f2ec8bb21d2bcb",
                "baseline_copy_number_t.tsv:md5,51670372d61cf525a2303d293129fc2e",
                "log_c_emission_tc.tsv:md5,2bc684d5e2dbd9b4bce79ed5635ab6af",
                "log_q_c_tc.tsv:md5,a6ef596969e5e89566f2924e96e86951",
                "mu_denoised_copy_ratio_t.tsv:md5,6ff4d7eb72ce770cdff2b36845e2a0d3",
                "mu_psi_s_log__.tsv:md5,47d38b45a67590f18bc2aa99788fbbfb",
                "mu_read_depth_s_log__.tsv:md5,e38ad1da0efd3780ae04cd3f2dcfe336",
                "mu_z_su.tsv:md5,38469a673b1d4adb3b7aea55495667e6",
                "sample_name.txt:md5,640a474d6f73b01524287f50ca538c04",
                "std_denoised_copy_ratio_t.tsv:md5,e1cce7501fe552868c6b8ed69158147f",
                "std_psi_s_log__.tsv:md5,3908edbdf73919c1908451f7450a9c85",
                "std_read_depth_s_log__.tsv:md5,06a964068988148b856079df77dfeff9",
                "std_z_su.tsv:md5,fd1fa6c54f02bdca72b928ddefeb088b",
                "calling_config.json:md5,dc78889e3d0ba1adf02d10db0194128e",
                "denoising_config.json:md5,d2171570b7c746be4d2ce35d9b8db18c",
                "gcnvkernel_version.json:md5,273ffad942b47cacbc56d29f77ccf2a6",
                "interval_list.tsv:md5,9f7718372e87e69aeb837678755a9971",
                "calling_config.json:md5,dc78889e3d0ba1adf02d10db0194128e",
                "denoising_config.json:md5,d2171570b7c746be4d2ce35d9b8db18c",
                "gcnvkernel_version.json:md5,273ffad942b47cacbc56d29f77ccf2a6",
                "interval_list.tsv:md5,9f7718372e87e69aeb837678755a9971",
                "log_q_tau_tk.tsv:md5,e14fa02f301cfb42d058d95a9a438aad",
                "mu_W_tu.tsv:md5,fdd960e9dc1ef0de49546f7bc9862557",
                "mu_ard_u_log__.tsv:md5,4e653386ceff2108340d6d064082934c",
                "mu_log_mean_bias_t.tsv:md5,5b27383c83d3498b93a2253c3bc53432",
                "mu_psi_t_log__.tsv:md5,e842bda2a1fd39205fcb9298ace5bd0c",
                "std_W_tu.tsv:md5,65aa1894391567b595ee49f0d4321190",
                "std_ard_u_log__.tsv:md5,bb973bd96eb1ebd41020cb6d2ae98603",
                "std_log_mean_bias_t.tsv:md5,32b2081e95c279556c9831bdc1e49631",
                "std_psi_t_log__.tsv:md5,2eb3de95440b579319e2556767f8404d",
                "sample1.hdf5:md5,59e1b75cc5cbf0225000fc9ddbd4ce22",
                "sample2.hdf5:md5,8dc7e1a1e6f6134612d72eef1a195a7e",
                "genome.dict:md5,5e66d0ced1424dc24a4c01e98b39ece5",
                "genome.fasta.fai:md5,3520cd30e1b100e55f578db9c855f685",
                "multiqc_citations.txt:md5,4c806e63a283ec1b7e78cdae3a923d4f"
            ]
        ],
        "meta": {
            "nf-test": "0.9.0",
            "nextflow": "24.09.0"
        },
        "timestamp": "2024-10-11T14:40:54.111307"
    }
}