{
    "Run MUTECT2 test": {
        "content": [
            5,
            {
                "GATK4_CREATESOMATICPANELOFNORMALS": {
                    "gatk4": "4.5.0.0"
                },
                "GATK4_GENOMICSDBIMPORT": {
                    "gatk4": "4.5.0.0"
                },
                "GATK4_MUTECT2": {
                    "gatk4": "4.5.0.0"
                },
                "Workflow": {
                    "nf-core/createpanelrefs": "v1.0dev"
                }
            },
            [
                "gatk4",
                "gatk4/sample1.vcf.gz",
                "gatk4/sample1.vcf.gz.stats",
                "gatk4/sample1.vcf.gz.tbi",
                "gatk4/sample2.vcf.gz",
                "gatk4/sample2.vcf.gz.stats",
                "gatk4/sample2.vcf.gz.tbi",
                "gatk4/test",
                "gatk4/test.vcf.gz",
                "gatk4/test.vcf.gz.tbi",
                "gatk4/test/__tiledb_workspace.tdb",
                "gatk4/test/callset.json",
                "gatk4/test/chr21$2$23354000",
                "gatk4/test/chr21$24132500$24910998",
                "gatk4/test/chr21$25689498$46709983",
                "gatk4/test/vcfheader.vcf",
                "gatk4/test/vidmap.json",
                "multiqc",
                "multiqc/multiqc_data",
                "multiqc/multiqc_data/multiqc.log",
                "multiqc/multiqc_data/multiqc_citations.txt",
                "multiqc/multiqc_data/multiqc_data.json",
                "multiqc/multiqc_data/multiqc_software_versions.txt",
                "multiqc/multiqc_data/multiqc_sources.txt",
                "multiqc/multiqc_report.html",
                "pipeline_info",
                "pipeline_info/nf_core_ceatepanelrefs_software_mqc_versions.yml"
            ],
            [
                "sample1.vcf.gz.stats:md5,b569ce66bbffe9588b3d221e821023ee",
                "sample2.vcf.gz.stats:md5,76f749c53212d72e98801f6030fbf8a6",
                "multiqc_citations.txt:md5,4c806e63a283ec1b7e78cdae3a923d4f"
            ]
        ],
        "meta": {
            "nf-test": "0.9.0",
            "nextflow": "24.09.0"
        },
        "timestamp": "2024-10-11T12:02:22.796491"
    }
}