{
    "germlinecnvcaller": {
        "content": [
            [
                [
                    "contig_ploidy_prior.tsv:md5,7a2f5444b09a1f635a540bbcd23176cf",
                    "gcnvkernel_version.json:md5,273ffad942b47cacbc56d29f77ccf2a6",
                    "interval_list.tsv:md5,8c5aaf57cf34ff35b183178a87a9f864",
                    "mu_mean_bias_j_lowerbound__.tsv:md5,b617c6034a52b4d54911a931bdf45289",
                    "mu_psi_j_log__.tsv:md5,3e32071c22f02eea9d331f4e6a64e205",
                    "ploidy_config.json:md5,07e9bdbb9ddfa2d650cdf2c1c19f7fd5",
                    "std_mean_bias_j_lowerbound__.tsv:md5,6467bec3b9792301e4440bb79ff3fdb2",
                    "std_psi_j_log__.tsv:md5,754392b7852456cca3ab17222360d48d"
                ]
            ],
            [
                [
                    [
                        [
                            "baseline_copy_number_t.tsv:md5,a8f848d75d241f7932ffdca261bffe7b",
                            "log_c_emission_tc.tsv:md5,24084fb5e7435a6df43ae75320b0294b",
                            "log_q_c_tc.tsv:md5,9e915b56ff5d856e6c55dd8e292bb41b",
                            "mu_denoised_copy_ratio_t.tsv:md5,1f7fc6a88919cca7b6be29665675ef88",
                            "mu_psi_s_log__.tsv:md5,02545858ccda02a536dc8654c13ed059",
                            "mu_read_depth_s_log__.tsv:md5,abba1ee920d26594c24a892ed91184e1",
                            "mu_z_su.tsv:md5,976d7d25d98f6a250ef1a401ce0916c0",
                            "sample_name.txt:md5,5cf41871eea16c0fbfdcb7f0f664ed95",
                            "std_denoised_copy_ratio_t.tsv:md5,3655e2309189eda19aa70ecba1539ef2",
                            "std_psi_s_log__.tsv:md5,6462430dd67574ab7b6975a0b43a3a7a",
                            "std_read_depth_s_log__.tsv:md5,fd057bd69eea55734b86bb74a05950ab",
                            "std_z_su.tsv:md5,6642c5bdc1293753f47c17de3fba7f9e"
                        ],
                        [
                            "baseline_copy_number_t.tsv:md5,51670372d61cf525a2303d293129fc2e",
                            "log_c_emission_tc.tsv:md5,7b8e68ac6f9e8a7e95dbf79ecf0c803d",
                            "log_q_c_tc.tsv:md5,6f725f21915557470ade6958922caefc",
                            "mu_denoised_copy_ratio_t.tsv:md5,d72fcfbfa748805bfc3ea4ec5806ee17",
                            "mu_psi_s_log__.tsv:md5,b8f8b66afeecce0c49dbde1291c23298",
                            "mu_read_depth_s_log__.tsv:md5,44eaed835a12482e187d29cb394ee9cf",
                            "mu_z_su.tsv:md5,14f01b246be1feddb1dc1a2fc1aaaa09",
                            "sample_name.txt:md5,640a474d6f73b01524287f50ca538c04",
                            "std_denoised_copy_ratio_t.tsv:md5,a9f76dfc48536f77eb2f2eb9e478bc85",
                            "std_psi_s_log__.tsv:md5,094d83cd78b0e95721f382b928a4114d",
                            "std_read_depth_s_log__.tsv:md5,64aa16b9f9e229c5dc8b3e9b436aee2c",
                            "std_z_su.tsv:md5,4361cc1c87931183100b807489b5607f"
                        ],
                        "calling_config.json:md5,6d65995da6a73fcfc7e02df572837921",
                        "denoising_config.json:md5,e81ec25c546367270e508fad267b9b06",
                        "gcnvkernel_version.json:md5,273ffad942b47cacbc56d29f77ccf2a6",
                        "interval_list.tsv:md5,0cba6efc5fa465f7930c901916a3e764"
                    ],
                    [
                        "calling_config.json:md5,6d65995da6a73fcfc7e02df572837921",
                        "denoising_config.json:md5,e81ec25c546367270e508fad267b9b06",
                        "gcnvkernel_version.json:md5,273ffad942b47cacbc56d29f77ccf2a6",
                        "interval_list.tsv:md5,0cba6efc5fa465f7930c901916a3e764",
                        "log_q_tau_tk.tsv:md5,cc0465cab0f470449ce6491f2cb84b4d",
                        "mu_W_tu.tsv:md5,d505e9d819d0891c66a1fae49f18a970",
                        "mu_ard_u_log__.tsv:md5,3c2320b9d85073e9f04482ef666220ff",
                        "mu_log_mean_bias_t.tsv:md5,49d8ebde24d59b6ab7308b124d71fa1a",
                        "mu_psi_t_log__.tsv:md5,64fa5391ecab3600f583c5265b241c1f",
                        "std_W_tu.tsv:md5,b81ca0b36e880bd0d24f9342891ef5f8",
                        "std_ard_u_log__.tsv:md5,0ee1ae8a114874d066f30fefbb468ad6",
                        "std_log_mean_bias_t.tsv:md5,b7d9d5ed45771d8f24bd1f3d6dac5d3f",
                        "std_psi_t_log__.tsv:md5,845c6ff386e52cfd09f19566888337f9"
                    ]
                ],
                [
                    [
                        [
                            "baseline_copy_number_t.tsv:md5,a8f848d75d241f7932ffdca261bffe7b",
                            "log_c_emission_tc.tsv:md5,8f637945b33995ac807bb26a9e7b93b5",
                            "log_q_c_tc.tsv:md5,e57cd9043632cbed3b165dda2dff8199",
                            "mu_denoised_copy_ratio_t.tsv:md5,6f8e05be3f60b7d7094ac255526e8a80",
                            "mu_psi_s_log__.tsv:md5,5341d83d3e0d4ffa44972c2beb74c1aa",
                            "mu_read_depth_s_log__.tsv:md5,dc661c73621ac754362ace917fdfeccb",
                            "mu_z_su.tsv:md5,bdda2270062b4c3a261e7e6302561ab1",
                            "sample_name.txt:md5,5cf41871eea16c0fbfdcb7f0f664ed95",
                            "std_denoised_copy_ratio_t.tsv:md5,eaca19d3488cd05353d71dc6d7c372cc",
                            "std_psi_s_log__.tsv:md5,3f05b40d319abf449eb0723b40bd0b8a",
                            "std_read_depth_s_log__.tsv:md5,fc1943b7d378f07d35bdbe4f4f9a3815",
                            "std_z_su.tsv:md5,9f12e0ea3b6cd2c51fd711d00ae75929"
                        ],
                        [
                            "baseline_copy_number_t.tsv:md5,51670372d61cf525a2303d293129fc2e",
                            "log_c_emission_tc.tsv:md5,629ef6d8fde7d0654a7f38c624feae58",
                            "log_q_c_tc.tsv:md5,99f2f764d5925f43d9dd8b3597cf9722",
                            "mu_denoised_copy_ratio_t.tsv:md5,a622c8a2ce980a7075806b3ce1d72f43",
                            "mu_psi_s_log__.tsv:md5,868eb75d8539a30d3124ffbb77de7b66",
                            "mu_read_depth_s_log__.tsv:md5,dbc692cc904598701753ba2b7a6ee85a",
                            "mu_z_su.tsv:md5,07c5a47783ffd5017e75c9d02e8d4138",
                            "sample_name.txt:md5,640a474d6f73b01524287f50ca538c04",
                            "std_denoised_copy_ratio_t.tsv:md5,98c98ec41c3322351c9e2ea4affdd8bb",
                            "std_psi_s_log__.tsv:md5,08a7cd31719844e7abb324b4861ccde7",
                            "std_read_depth_s_log__.tsv:md5,2321ed4451d332dce569d5431927b296",
                            "std_z_su.tsv:md5,8f646acac9aeabc7e311342631963bca"
                        ],
                        "calling_config.json:md5,6d65995da6a73fcfc7e02df572837921",
                        "denoising_config.json:md5,e81ec25c546367270e508fad267b9b06",
                        "gcnvkernel_version.json:md5,273ffad942b47cacbc56d29f77ccf2a6",
                        "interval_list.tsv:md5,9f7718372e87e69aeb837678755a9971"
                    ],
                    [
                        "calling_config.json:md5,6d65995da6a73fcfc7e02df572837921",
                        "denoising_config.json:md5,e81ec25c546367270e508fad267b9b06",
                        "gcnvkernel_version.json:md5,273ffad942b47cacbc56d29f77ccf2a6",
                        "interval_list.tsv:md5,9f7718372e87e69aeb837678755a9971",
                        "log_q_tau_tk.tsv:md5,0b7eef7c4e838a837309c4df7267ab93",
                        "mu_W_tu.tsv:md5,0ce68f6fbe7f89039918d864068a911e",
                        "mu_ard_u_log__.tsv:md5,6e0519d7b10d7ae79bec565c3bde38a4",
                        "mu_log_mean_bias_t.tsv:md5,c987052cb905076abc1f1a586b0fb89f",
                        "mu_psi_t_log__.tsv:md5,12fa83b402207dab6c835a8305087e45",
                        "std_W_tu.tsv:md5,f0f563f160af33e1522b157470f166e9",
                        "std_ard_u_log__.tsv:md5,9b51cd2bea9386068e643ff39ea20753",
                        "std_log_mean_bias_t.tsv:md5,768bf7f38caaa34543a6ba778dddc0cb",
                        "std_psi_t_log__.tsv:md5,4705f29d6828a5d28d0595164853d88a"
                    ]
                ]
            ],
            [
                "test.hdf5:md5,c37b077e96885c62a4344a44345459c7",
                "test2.hdf5:md5,098deec8a7c8b4550f7a5139d226d650"
            ],
            [
                "genome.dict:md5,aaba331e73d3cec0620b93e292b827b9",
                "genome.fasta.fai:md5,3520cd30e1b100e55f578db9c855f685"
            ]
        ],
        "timestamp": "2023-09-10T23:17:19+0000"
    }
}