{
    "software_versions": {
        "content": [
            "{GATK4_CREATESOMATICPANELOFNORMALS={gatk4=4.5.0.0}, GATK4_GENOMICSDBIMPORT={gatk4=4.5.0.0}, GATK4_MUTECT2={gatk4=4.5.0.0}, Workflow={nf-core/createpanelrefs=v1.0dev}}"
        ],
        "meta": {
            "nf-test": "0.8.4",
            "nextflow": "24.02.0"
        },
        "timestamp": "2024-04-03T17:06:08.093342"
    }
}